main.c:188:6:readIICEEPROM_2402C	24	static
main.c:192:6:writeIICEEPROM_2402C	32	static
main.c:219:5:main	168	static
main.c:389:6:SystemClock_Config	88	static
main.c:433:13:MX_I2C1_Init	8	static
main.c:467:13:MX_I2C2_Init	8	static
main.c:501:13:MX_SPI1_Init	8	static
main.c:539:13:MX_USART6_UART_Init	8	static
main.c:570:13:MX_DMA_Init	16	static
main.c:598:13:MX_GPIO_Init	48	static
main.c:648:6:I2C1_EV_IRQHandler	8	static
main.c:818:6:HAL_GPIO_EXTI_Callback	24	static,ignoring_inline_asm
main.c:848:6:ADC_Thread	24	static
main.c:912:6:FFT_Thread	24	static
main.c:1065:6:LED_Thread	16	static
main.c:1086:6:StartTask04	16	static
main.c:1101:6:Error_Handler	4	static
